******************************************************************************
                  TI ARM Linker PC v18.1.4                     
******************************************************************************
>> Linked Wed Nov 13 15:04:34 2019

OUTPUT FILE NAME:   <MyTiva4Firmware.out>
ENTRY POINT SYMBOL: "_c_int00_noargs"  address: 00000ba5


MEMORY CONFIGURATION

         name            origin    length      used     unused   attr    fill
----------------------  --------  ---------  --------  --------  ----  --------
  FLASH                 00000000   00040000  00000cf8  0003f308  R  X
  SRAM                  20000000   00008000  0000033b  00007cc5  RW X


SEGMENT ALLOCATION MAP

run origin  load origin   length   init length attrs members
----------  ----------- ---------- ----------- ----- -------
00000000    00000000    00000cfc   00000cfc    r-x
  00000000    00000000    0000026c   0000026c    r-- .intvecs
  0000026c    0000026c    000009d0   000009d0    r-x .text
  00000c40    00000c40    000000bc   000000bc    r-- .cinit
20000000    20000000    0000033b   00000000    rw-
  20000000    20000000    00000200   00000000    rw- .stack
  20000200    20000200    0000013b   00000000    rw- .data


SECTION ALLOCATION MAP

 output                                  attributes/
section   page    origin      length       input sections
--------  ----  ----------  ----------   ----------------
.intvecs   0    00000000    0000026c     
                  00000000    0000026c     tm4c1231h6pm_startup_ccs.obj (.intvecs)

.text      0    0000026c    000009d0     
                  0000026c    00000410     port.obj (.text)
                  0000067c    000002f0     dio.obj (.text)
                  0000096c    000000f0     SysCtr.obj (.text)
                  00000a5c    0000009c     rtsv7M4_T_le_v4SPD16_eabi.lib : memcpy_t2.asm.obj (.text)
                  00000af8    00000068                                   : copy_decompress_lzss.c.obj (.text:decompress:lzss:__TI_decompress_lzss)
                  00000b60    00000044                                   : autoinit.c.obj (.text:__TI_auto_init_nobinit_nopinit:__TI_auto_init_nobinit_nopinit)
                  00000ba4    00000038                                   : boot_cortex_m.c.obj (.text:_c_int00_noargs:_c_int00_noargs)
                  00000bdc    00000034     lab_00_dio.obj (.text)
                  00000c10    0000000e     rtsv7M4_T_le_v4SPD16_eabi.lib : copy_decompress_none.c.obj (.text:decompress:none:__TI_decompress_none)
                  00000c1e    0000000c     tm4c1231h6pm_startup_ccs.obj (.text)
                  00000c2a    0000000a     main.obj (.text)
                  00000c34    00000004     rtsv7M4_T_le_v4SPD16_eabi.lib : pre_init.c.obj (.text:_system_pre_init)
                  00000c38    00000004                                   : exit.c.obj (.text:abort:abort)

.cinit     0    00000c40    000000bc     
                  00000c40    000000ab     (.cinit..data.load) [load image, compression = lzss]
                  00000ceb    00000001     --HOLE-- [fill = 0]
                  00000cec    00000008     (__TI_handler_table)
                  00000cf4    00000008     (__TI_cinit_table)

.init_array 
*          0    00000000    00000000     UNINITIALIZED

.data      0    20000200    0000013b     UNINITIALIZED
                  20000200    0000013b     port_lcfg.obj (.data:PortCfgArr)

.stack     0    20000000    00000200     UNINITIALIZED
                  20000000    00000004     rtsv7M4_T_le_v4SPD16_eabi.lib : boot_cortex_m.c.obj (.stack)
                  20000004    000001fc     --HOLE--

MODULE SUMMARY

       Module                         code   ro data   rw data
       ------                         ----   -------   -------
    .\
       tm4c1231h6pm_startup_ccs.obj   12     620       0      
       main.obj                       10     0         0      
    +--+------------------------------+------+---------+---------+
       Total:                         22     620       0      
                                                              
    .\appl\
       lab_00_dio.obj                 52     0         0      
    +--+------------------------------+------+---------+---------+
       Total:                         52     0         0      
                                                              
    .\config\
       port_lcfg.obj                  0      0         315    
    +--+------------------------------+------+---------+---------+
       Total:                         0      0         315    
                                                              
    .\mcal\dio\
       dio.obj                        752    0         0      
    +--+------------------------------+------+---------+---------+
       Total:                         752    0         0      
                                                              
    .\mcal\port_driver\
       port.obj                       1040   0         0      
    +--+------------------------------+------+---------+---------+
       Total:                         1040   0         0      
                                                              
    .\mcal\sys_ctr\
       SysCtr.obj                     240    0         0      
    +--+------------------------------+------+---------+---------+
       Total:                         240    0         0      
                                                              
    C:\ti\ccsv8\tools\compiler\ti-cgt-arm_18.1.4.LTS\lib\rtsv7M4_T_le_v4SPD16_eabi.lib
       memcpy_t2.asm.obj              156    0         0      
       copy_decompress_lzss.c.obj     104    0         0      
       autoinit.c.obj                 68     0         0      
       boot_cortex_m.c.obj            56     0         0      
       copy_decompress_none.c.obj     14     0         0      
       exit.c.obj                     4      0         0      
       pre_init.c.obj                 4      0         0      
    +--+------------------------------+------+---------+---------+
       Total:                         406    0         0      
                                                              
       Stack:                         0      0         512    
       Linker Generated:              0      187       0      
    +--+------------------------------+------+---------+---------+
       Grand Total:                   2512   807       827    


LINKER GENERATED COPY TABLES

__TI_cinit_table @ 00000cf4 records: 1, size/record: 8, table size: 8
	.data: load addr=00000c40, load size=000000ab bytes, run addr=20000200, run size=0000013b bytes, compression=lzss


LINKER GENERATED HANDLER TABLE

__TI_handler_table @ 00000cec records: 2, size/record: 4, table size: 8
	index: 0, handler: __TI_decompress_lzss
	index: 1, handler: __TI_decompress_none


GLOBAL SYMBOLS: SORTED ALPHABETICALLY BY Name 

address   name                          
-------   ----                          
00000c39  C$$EXIT                       
00000871  Dio_FlipChannel               
000008fb  Dio_FlipPort                  
0000067d  Dio_ReadChannel               
000007b5  Dio_ReadPort                  
00000707  Dio_WriteChannel              
00000813  Dio_WritePort                 
0000026d  PORT_init                     
20000200  PortCfgArr                    
00000c1f  ResetISR                      
0000096d  SysCtr_init                   
20000200  __STACK_END                   
00000200  __STACK_SIZE                  
20000200  __STACK_TOP                   
00000cf4  __TI_CINIT_Base               
00000cfc  __TI_CINIT_Limit              
00000cec  __TI_Handler_Table_Base       
00000cf4  __TI_Handler_Table_Limit      
00000b61  __TI_auto_init_nobinit_nopinit
00000af9  __TI_decompress_lzss          
00000c11  __TI_decompress_none          
ffffffff  __TI_pprof_out_hndl           
ffffffff  __TI_prof_data_size           
ffffffff  __TI_prof_data_start          
00000000  __TI_static_base__            
00000a5d  __aeabi_memcpy                
00000a5d  __aeabi_memcpy4               
00000a5d  __aeabi_memcpy8               
ffffffff  __binit__                     
ffffffff  __c_args__                    
UNDEFED   __mpu_init                    
20000000  __stack                       
00000ba5  _c_int00_noargs               
UNDEFED   _system_post_cinit            
00000c35  _system_pre_init              
00000c39  abort                         
ffffffff  binit                         
00000000  g_pfnVectors                  
00000bdd  lab_00_dio                    
00000c2b  main                          
00000a5d  memcpy                        


GLOBAL SYMBOLS: SORTED BY Symbol Address 

address   name                          
-------   ----                          
00000000  __TI_static_base__            
00000000  g_pfnVectors                  
00000200  __STACK_SIZE                  
0000026d  PORT_init                     
0000067d  Dio_ReadChannel               
00000707  Dio_WriteChannel              
000007b5  Dio_ReadPort                  
00000813  Dio_WritePort                 
00000871  Dio_FlipChannel               
000008fb  Dio_FlipPort                  
0000096d  SysCtr_init                   
00000a5d  __aeabi_memcpy                
00000a5d  __aeabi_memcpy4               
00000a5d  __aeabi_memcpy8               
00000a5d  memcpy                        
00000af9  __TI_decompress_lzss          
00000b61  __TI_auto_init_nobinit_nopinit
00000ba5  _c_int00_noargs               
00000bdd  lab_00_dio                    
00000c11  __TI_decompress_none          
00000c1f  ResetISR                      
00000c2b  main                          
00000c35  _system_pre_init              
00000c39  C$$EXIT                       
00000c39  abort                         
00000cec  __TI_Handler_Table_Base       
00000cf4  __TI_CINIT_Base               
00000cf4  __TI_Handler_Table_Limit      
00000cfc  __TI_CINIT_Limit              
20000000  __stack                       
20000200  PortCfgArr                    
20000200  __STACK_END                   
20000200  __STACK_TOP                   
ffffffff  __TI_pprof_out_hndl           
ffffffff  __TI_prof_data_size           
ffffffff  __TI_prof_data_start          
ffffffff  __binit__                     
ffffffff  __c_args__                    
ffffffff  binit                         
UNDEFED   __mpu_init                    
UNDEFED   _system_post_cinit            

[41 symbols]
